// Jest Snapshot v1, https://goo.gl/fbAQLP

exports[`Pruebas en <GifGridItem />  debe de mostrar correctamente el componente  1`] = `
<div
  className="card animate__animated animate__fadeIn"
>
  <img
    alt="Mi titulo"
    src="https://example.com"
  />
  <p>
    Mi titulo
  </p>
</div>
`;
